// Jest Snapshot v1, https://goo.gl/fbAQLP

exports[`reads a directory 1`] = `
Array [
  Object {
    "content": "",
    "loc": "/Users/fb/github/brigand/react-flow-of-data/src/utils/__fixtures__/foo/bar/y.txt",
    "meta": undefined,
    "name": "y.txt",
  },
  Object {
    "content": "xâ€¦",
    "loc": "/Users/fb/github/brigand/react-flow-of-data/src/utils/__fixtures__/foo/x.txt",
    "meta": undefined,
    "name": "x.txt",
  },
]
`;
